2026-02-08 14:56:30,094 - INFO - ============================================================
2026-02-08 14:56:30,094 - INFO - SYSTEM SPECIFICATIONS
2026-02-08 14:56:30,094 - INFO - ============================================================
2026-02-08 14:56:30,094 - INFO - OS: Linux 5.15.0-1035-oracle
2026-02-08 14:56:30,095 - INFO - Processor: x86_64
2026-02-08 14:56:30,095 - INFO - CPU cores: 8
2026-02-08 14:56:30,095 - INFO - RAM: 62.6 GB
2026-02-08 14:56:30,095 - INFO - ============================================================
2026-02-08 14:56:30,096 - INFO - 
Found 24 CosMx files
2026-02-08 14:56:30,096 - INFO - Found 20 Xenium files
2026-02-08 14:56:30,096 - INFO - Starting GRIDGEN benchmark suite...
2026-02-08 14:56:30,096 - INFO - 
============================================================
2026-02-08 14:56:30,096 - INFO - STARTING BENCHMARKS
2026-02-08 14:56:30,096 - INFO - ============================================================
2026-02-08 14:56:30,096 - INFO - 
--- CosMx Convolutional ---
2026-02-08 14:56:30,096 - INFO - 
Processing 1 cores...
2026-02-08 14:57:03,728 - INFO - 
Processing 5 cores...
2026-02-08 14:59:38,007 - INFO - 
Processing 10 cores...
2026-02-08 15:04:47,262 - INFO - 
--- CosMx KD-tree ---
2026-02-08 15:04:47,262 - INFO - 
Processing 1 cores...
2026-02-08 15:06:13,334 - INFO - 
Processing 5 cores...
2026-02-08 15:10:47,495 - INFO - 
Processing 10 cores...
2026-02-08 15:19:38,291 - INFO - 
--- CosMx SOM ---
2026-02-08 15:19:38,291 - INFO - 
Processing 1 cores...
2026-02-08 15:19:42,971 - INFO - 
Processing 5 cores...
2026-02-08 15:19:51,993 - INFO - 
Processing 10 cores...
2026-02-08 15:20:07,438 - INFO - 
--- Xenium Convolutional ---
2026-02-08 15:20:07,439 - INFO - 
Processing 1 cores...
2026-02-08 15:20:25,535 - INFO - 
Processing 5 cores...
2026-02-08 15:22:26,858 - INFO - 
Processing 10 cores...
2026-02-08 15:26:05,166 - INFO - 
--- Xenium KD-tree ---
2026-02-08 15:26:05,166 - INFO - 
Processing 1 cores...
2026-02-08 15:26:52,257 - INFO - 
Processing 5 cores...
2026-02-08 15:32:24,586 - INFO - 
Processing 10 cores...
2026-02-08 15:42:09,673 - INFO - 
--- Xenium SOM ---
2026-02-08 15:42:09,673 - INFO - 
Processing 1 cores...
2026-02-08 15:42:21,242 - INFO - 
Processing 5 cores...
2026-02-08 15:43:33,023 - INFO - 
Processing 10 cores...
2026-02-08 15:45:40,898 - INFO - 
============================================================
2026-02-08 15:45:40,898 - INFO - XENIUM FULL SLIDE (1/4)
2026-02-08 15:45:40,898 - INFO - ============================================================
2026-02-08 15:45:40,898 - INFO - 
Full slide - Convolutional...
2026-02-08 15:48:27,049 - INFO - 
Full slide - KD-tree...
2026-02-08 15:52:34,467 - INFO - 
Full slide - SOM...
2026-02-08 15:54:34,349 - INFO - 
✓ Results saved to benchmark_results_20260208_145630.csv
2026-02-08 15:54:34,349 - INFO - 
============================================================
2026-02-08 15:54:34,349 - INFO - BENCHMARK SUMMARY
2026-02-08 15:54:34,349 - INFO - ============================================================
2026-02-08 15:54:34,355 - INFO - 
                                  total_time                           peak_memory_gb                 n_transcripts
                                        mean     std      min      max           mean     std     max           sum
platform method        n_cores                                                                                     
CosMx    Convolutional 1              31.699     NaN   31.699   31.699         40.837     NaN  40.837       1843019
                       5              28.962   1.986   26.301   31.287         40.652   0.201  40.837       5439984
                       10             29.028   2.274   26.336   33.352         40.629   0.211  40.871      10533036
         KD-tree       1              83.294     NaN   83.294   83.294         33.397     NaN  33.397       1843019
                       5              52.502  22.599   21.882   83.844         15.919  11.765  33.396       5439984
                       10             50.785  22.542   21.827   92.553         15.379  13.120  41.916      10533036
         SOM           1               2.818     NaN    2.818    2.818          1.006     NaN   1.006       1843019
                       5               7.096     NaN    7.096    7.096          1.006     NaN   1.006       5439984
                       10             13.500     NaN   13.500   13.500          1.462     NaN   1.462      10533036
Xenium   Convolutional 1              16.151     NaN   16.151   16.151          3.038     NaN   3.038       2491593
                       5              22.381   6.021   15.987   31.231          2.965   0.225   3.294      17236927
                       10             19.955   5.507   13.915   30.471          2.883   0.276   3.294      31000691
                       Full Slide    164.026     NaN  164.026  164.026         38.908     NaN  38.908       6925173
         KD-tree       1              44.930     NaN   44.930   44.930         10.260     NaN  10.260       2491593
                       5              64.142  23.560   45.046   98.999         17.488   8.767  29.700      17236927
                       10             56.253  21.405   34.691   98.709         14.947   7.888  29.701      31000691
                       Full Slide    244.604     NaN  244.604  244.604         32.223     NaN  32.223       6925173
         SOM           1               9.655     NaN    9.655    9.655          0.782     NaN   0.782       2491593
                       5              69.893     NaN   69.893   69.893          2.036     NaN   2.036      17236927
                       10            125.928     NaN  125.928  125.928          3.675     NaN   3.675      31000691
                       Full Slide    117.793     NaN  117.793  117.793         22.046     NaN  22.046       6925173
2026-02-08 15:54:34,356 - INFO - 
============================================================
2026-02-08 15:54:34,356 - INFO - BENCHMARK COMPLETE
2026-02-08 15:54:34,356 - INFO - Total runtime: 58.07 minutes
2026-02-08 15:54:34,356 - INFO - Results: benchmark_results_20260208_145630.csv
2026-02-08 15:54:34,356 - INFO - Log: benchmark_20260208_145630.log
2026-02-08 15:54:34,356 - INFO - ============================================================
